
> pvtkrrx@1.0.0 dev
> node --watch index.js

PVTKRRX HTTP  → http://localhost:7000
Configure:      http://localhost:7000/configure
PVTKRRX HTTPS → https://localhost:7001 (self-signed — trust cert in browser first)
Restarting 'index.js'
PVTKRRX HTTP  → http://localhost:7000
Configure:      http://localhost:7000/configure
PVTKRRX HTTPS → https://localhost:7001 (self-signed — trust cert in browser first)
Restarting 'index.js'
PVTKRRX HTTP  → http://localhost:7000
Configure:      http://localhost:7000/configure
PVTKRRX HTTPS → https://localhost:7001 (self-signed — trust cert in browser first)
Restarting 'index.js'
PVTKRRX HTTP  → http://localhost:7000
Configure:      http://localhost:7000/configure
PVTKRRX HTTPS → https://localhost:7001 (self-signed — trust cert in browser first)
Restarting 'index.js'
PVTKRRX HTTP  → http://localhost:7000
Configure:      http://localhost:7000/configure
PVTKRRX HTTPS → https://localhost:7001 (self-signed — trust cert in browser first)
Restarting 'index.js'
PVTKRRX HTTP  → http://localhost:7000
Configure:      http://localhost:7000/configure
PVTKRRX HTTPS → https://localhost:7001 (self-signed — trust cert in browser first)
Restarting 'index.js'
PVTKRRX HTTP  → http://localhost:7000
Configure:      http://localhost:7000/configure
PVTKRRX HTTPS → https://localhost:7001 (self-signed — trust cert in browser first)
Restarting 'index.js'
PVTKRRX HTTP  → http://localhost:7000
Configure:      http://localhost:7000/configure
PVTKRRX HTTPS → https://localhost:7001 (self-signed — trust cert in browser first)
Restarting 'index.js'
PVTKRRX HTTP  → http://localhost:7000
Configure:      http://localhost:7000/configure
PVTKRRX HTTPS → https://localhost:7001 (self-signed — trust cert in browser first)
Restarting 'index.js'
PVTKRRX HTTP  → http://localhost:7000
Configure:      http://localhost:7000/configure
PVTKRRX HTTPS → https://localhost:7001 (self-signed — trust cert in browser first)
Restarting 'index.js'
PVTKRRX HTTP  → http://localhost:7000
Configure:      http://localhost:7000/configure
PVTKRRX HTTPS → https://localhost:7001 (self-signed — trust cert in browser first)
Restarting 'index.js'
PVTKRRX HTTP  → http://localhost:7000
Configure:      http://localhost:7000/configure
PVTKRRX HTTPS → https://localhost:7001 (self-signed — trust cert in browser first)
Restarting 'index.js'
PVTKRRX HTTP  → http://localhost:7000
Configure:      http://localhost:7000/configure
PVTKRRX HTTPS → https://localhost:7001 (self-signed — trust cert in browser first)
Restarting 'index.js'
PVTKRRX HTTP  → http://localhost:7000
Configure:      http://localhost:7000/configure
PVTKRRX HTTPS → https://localhost:7001 (self-signed — trust cert in browser first)
Restarting 'index.js'
PVTKRRX HTTP  → http://localhost:7000
Configure:      http://localhost:7000/configure
PVTKRRX HTTPS → https://localhost:7001 (self-signed — trust cert in browser first)
Restarting 'index.js'
PVTKRRX HTTP  → http://localhost:7000
Configure:      http://localhost:7000/configure
PVTKRRX HTTPS → https://localhost:7001 (self-signed — trust cert in browser first)
Restarting 'index.js'
PVTKRRX HTTP  → http://localhost:7000
Configure:      http://localhost:7000/configure
PVTKRRX HTTPS → https://localhost:7001 (self-signed — trust cert in browser first)
Failed running 'index.js'. Waiting for file changes before restarting...
